// Jest Snapshot v1, https://goo.gl/fbAQLP

exports[`<Card /> should render the card 1`] = `
.c3 {
  display: inline-block;
  vertical-align: middle;
  overflow: hidden;
}

.c2 {
  display: -webkit-inline-box;
  display: -webkit-inline-flex;
  display: -ms-inline-flexbox;
  display: inline-flex;
  -webkit-align-items: center;
  -webkit-box-align: center;
  -ms-flex-align: center;
  align-items: center;
  -webkit-box-pack: center;
  -webkit-justify-content: center;
  -ms-flex-pack: center;
  justify-content: center;
  font-size: Barlow,-apple-system,BlinkMacSystemFont,'Segoe UI',Roboto,Oxygen,Ubuntu,Cantarell,'Open Sans','Helvetica Neue',sans-serif;
  font-weight: 600;
  font-size: 16px;
  padding: 0 16px;
  cursor: pointer;
  border: none;
  -webkit-text-decoration: none;
  text-decoration: none;
  -webkit-transition: 0.3s ease-in-out;
  transition: 0.3s ease-in-out;
  min-height: 40px;
  max-height: 40px;
  color: #FFFFFF;
  background: #000000;
}

.c2:focus {
  opacity: 0.75;
}

.c0 {
  display: -webkit-box;
  display: -webkit-flex;
  display: -ms-flexbox;
  display: flex;
  -webkit-flex-direction: column;
  -ms-flex-direction: column;
  flex-direction: column;
  position: relative;
  height: 100%;
  background: #FFFFFF;
  border-bottom: 1px solid #F0ECFC;
  padding: 16px 0;
  -webkit-transition: 0.3s ease-in-out;
  transition: 0.3s ease-in-out;
}

.c0 img {
  -webkit-transition: 0.3s ease-in-out;
  transition: 0.3s ease-in-out;
}

.c0:hover img {
  -webkit-filter: grayscale(1);
  filter: grayscale(1);
}

.c1 {
  position: relative;
  height: 100%;
  width: 175px;
}

.c1 > button {
  position: absolute;
  top: 0;
  right: 0;
}

.c1 > button > svg {
  width: 20px;
  height: 20px;
}

.c4 {
  display: -webkit-box;
  display: -webkit-flex;
  display: -ms-flexbox;
  display: flex;
  -webkit-flex-direction: column;
  -ms-flex-direction: column;
  flex-direction: column;
  cursor: pointer;
}

.c4 small {
  font-size: 12px;
  color: #707372;
  margin: 4px 0;
  overflow: hidden;
  text-overflow: ellipsis;
  display: -webkit-box;
  -webkit-line-clamp: 2;
  -webkit-box-orient: vertical;
}

.c4 h3 {
  font-family: Barlow,-apple-system,BlinkMacSystemFont,'Segoe UI',Roboto,Oxygen,Ubuntu,Cantarell,'Open Sans','Helvetica Neue',sans-serif;
  font-weight: 600;
  font-size: 20px;
  overflow: hidden;
  text-overflow: ellipsis;
  display: -webkit-box;
  -webkit-line-clamp: 2;
  -webkit-box-orient: vertical;
}

.c4 p {
  font-size: 16px;
  color: #707372;
  margin: 12px 0;
  overflow: hidden;
  text-overflow: ellipsis;
  display: -webkit-box;
  -webkit-line-clamp: 5;
  -webkit-box-orient: vertical;
}

@media (min-width:768px) {
  .c0 {
    display: grid;
    grid-template-columns: 175px 1fr;
  }
}

@media (min-width:768px) {
  .c4 {
    margin-left: 16px;
  }
}

<div>
  <div
    class="c0"
  >
    <aside
      class="c1"
    >
      <img
        alt="Roy Mustang"
        height="250"
        layout="responsive"
        src="https://comicvine.gamespot.com/a/uploads/scale_small/11117/111178336/5581737-roy_mustang_by_norygunz-d4rd8xl.png"
        width="175"
      />
      <button
        aria-label="Add Favorite"
        class="c2"
      >
        <svg
          aria-hidden="true"
          class="c3"
          fill="currentColor"
          focusable="false"
          viewBox="0 0 24 24"
          xmlns="http://www.w3.org/2000/svg"
        >
          <path
            d="M12 4.595a5.904 5.904 0 0 0-3.996-1.558 5.942 5.942 0 0 0-4.213 1.758c-2.353 2.363-2.352 6.059.002 8.412l7.332 7.332c.17.299.498.492.875.492a.99.99 0 0 0 .792-.409l7.415-7.415c2.354-2.354 2.354-6.049-.002-8.416a5.938 5.938 0 0 0-4.209-1.754A5.906 5.906 0 0 0 12 4.595zm6.791 1.61c1.563 1.571 1.564 4.025.002 5.588L12 18.586l-6.793-6.793c-1.562-1.563-1.561-4.017-.002-5.584.76-.756 1.754-1.172 2.799-1.172s2.035.416 2.789 1.17l.5.5a.999.999 0 0 0 1.414 0l.5-.5c1.512-1.509 4.074-1.505 5.584-.002z"
          />
        </svg>
      </button>
    </aside>
    <section
      aria-label="Character"
      class="c4"
      role="link"
    >
      <span>
        <small>
          Sep 29, 1886
        </small>
        <h3>
          Roy Mustang
        </h3>
      </span>
      <p>
        Roy Mustang, the Flame Alchemist, is the Colonel in Central and has jurisdiction over most alchemist there. Known for his heroism in Ishval and his amazing skill with his Ignition Cloth Gloves, Roy has great ambitions to become the next Fuhrer of Amestris.
      </p>
      <small>
        Aliases: 
        The Flame Alchemist Colonel Mustang General Mustang
      </small>
    </section>
  </div>
</div>
`;
